
CVR@DESKTOP-JF861LF MINGW64 /d/23-5am
$ git --version
git version 2.52.0.windows.1

CVR@DESKTOP-JF861LF MINGW64 /d/23-5am
$ git init
Initialized empty Git repository in D:/23-5am/.git/

CVR@DESKTOP-JF861LF MINGW64 /d/23-5am (master)
$ code .

CVR@DESKTOP-JF861LF MINGW64 /d/23-5am (master)
$ git status
On branch master

No commits yet

Untracked files:
  (use "git add <file>..." to include in what will be committed)
        index.html

nothing added to commit but untracked files present (use "git add" to track)

CVR@DESKTOP-JF861LF MINGW64 /d/23-5am (master)
$ git log
fatal: your current branch 'master' does not have any commits yet

CVR@DESKTOP-JF861LF MINGW64 /d/23-5am (master)
$ git log user.name
fatal: ambiguous argument 'user.name': unknown revision or path not in the worki
ng tree.
Use '--' to separate paths from revisions, like this:
'git <command> [<revision>...] -- [<file>...]'

CVR@DESKTOP-JF861LF MINGW64 /d/23-5am (master)
$ git user.name
git: 'user.name' is not a git command. See 'git --help'.

CVR@DESKTOP-JF861LF MINGW64 /d/23-5am (master)
$ git config user.name
pavankumar93928

CVR@DESKTOP-JF861LF MINGW64 /d/23-5am (master)
$ git config --global user.name "rahul744-png"

CVR@DESKTOP-JF861LF MINGW64 /d/23-5am (master)
$ git config user.name
rahul744-png

CVR@DESKTOP-JF861LF MINGW64 /d/23-5am (master)
$ git config user.email
pashampavan87@gmail.com

CVR@DESKTOP-JF861LF MINGW64 /d/23-5am (master)
$ git config --global user.email "rahulgugulothu744@gmail.com"

CVR@DESKTOP-JF861LF MINGW64 /d/23-5am (master)
$ git config user.name
rahul744-png

CVR@DESKTOP-JF861LF MINGW64 /d/23-5am (master)
$ git config user.email
rahulgugulothu744@gmail.com

CVR@DESKTOP-JF861LF MINGW64 /d/23-5am (master)
$ git log
fatal: your current branch 'master' does not have any commits yet

CVR@DESKTOP-JF861LF MINGW64 /d/23-5am (master)
$ git branch

CVR@DESKTOP-JF861LF MINGW64 /d/23-5am (master)
$ git add index.html

CVR@DESKTOP-JF861LF MINGW64 /d/23-5am (master)
$ git status
On branch master

No commits yet

Changes to be committed:
  (use "git rm --cached <file>..." to unstage)
        new file:   index.html


CVR@DESKTOP-JF861LF MINGW64 /d/23-5am (master)
$ git commit -m "upadate index.html"
[master (root-commit) e49182b] upadate index.html
 1 file changed, 18 insertions(+)
 create mode 100644 index.html

CVR@DESKTOP-JF861LF MINGW64 /d/23-5am (master)
$ gir remote add origin https://github.com/rahul744-png/FSD2.git
bash: gir: command not found

CVR@DESKTOP-JF861LF MINGW64 /d/23-5am (master)
$ git remote add origin https://github.com/rahul744-png/FSD2.git

CVR@DESKTOP-JF861LF MINGW64 /d/23-5am (master)
$ git remote -v
origin  https://github.com/rahul744-png/FSD2.git (fetch)
origin  https://github.com/rahul744-png/FSD2.git (push)

CVR@DESKTOP-JF861LF MINGW64 /d/23-5am (master)
$ git branch
* master

CVR@DESKTOP-JF861LF MINGW64 /d/23-5am (master)
$ git push -u origin master
info: please complete authentication in your browser...
Enumerating objects: 3, done.
Counting objects: 100% (3/3), done.
Delta compression using up to 16 threads
Compressing objects: 100% (2/2), done.
Writing objects: 100% (3/3), 498 bytes | 498.00 KiB/s, done.
Total 3 (delta 0), reused 0 (delta 0), pack-reused 0 (from 0)
To https://github.com/rahul744-png/FSD2.git
 * [new branch]      master -> master
branch 'master' set up to track 'origin/master'.

CVR@DESKTOP-JF861LF MINGW64 /d/23-5am (master)
$ git add index.html

CVR@DESKTOP-JF861LF MINGW64 /d/23-5am (master)
$ git status
On branch master
Your branch is up to date with 'origin/master'.

Changes to be committed:
  (use "git restore --staged <file>..." to unstage)
        modified:   index.html


CVR@DESKTOP-JF861LF MINGW64 /d/23-5am (master)
$ git commit -m "second updated index.html"
[master 8f2c1aa] second updated index.html
 1 file changed, 1 insertion(+), 3 deletions(-)

CVR@DESKTOP-JF861LF MINGW64 /d/23-5am (master)
$ git push -u origin master
Enumerating objects: 5, done.
Counting objects: 100% (5/5), done.
Delta compression using up to 16 threads
Compressing objects: 100% (2/2), done.
Writing objects: 100% (3/3), 301 bytes | 301.00 KiB/s, done.
Total 3 (delta 1), reused 0 (delta 0), pack-reused 0 (from 0)
remote: Resolving deltas: 100% (1/1), completed with 1 local object.
To https://github.com/rahul744-png/FSD2.git
   e49182b..8f2c1aa  master -> master
branch 'master' set up to track 'origin/master'.

CVR@DESKTOP-JF861LF MINGW64 /d/23-5am (master)
$ git reset --soft HEAD

CVR@DESKTOP-JF861LF MINGW64 /d/23-5am (master)
$ git add index.html

CVR@DESKTOP-JF861LF MINGW64 /d/23-5am (master)
$ git commit -m "reset the index.html"
On branch master
Your branch is up to date with 'origin/master'.

nothing to commit, working tree clean

CVR@DESKTOP-JF861LF MINGW64 /d/23-5am (master)
$ git push -u origin master
branch 'master' set up to track 'origin/master'.
Everything up-to-date

CVR@DESKTOP-JF861LF MINGW64 /d/23-5am (master)
$ git status
On branch master
Your branch is up to date with 'origin/master'.

nothing to commit, working tree clean

CVR@DESKTOP-JF861LF MINGW64 /d/23-5am (master)
$ git reset --hard
HEAD is now at 8f2c1aa second updated index.html

CVR@DESKTOP-JF861LF MINGW64 /d/23-5am (master)
$ git add index.html

CVR@DESKTOP-JF861LF MINGW64 /d/23-5am (master)
$ git status
On branch master
Your branch is up to date with 'origin/master'.

nothing to commit, working tree clean

CVR@DESKTOP-JF861LF MINGW64 /d/23-5am (master)
$ git add index.html

CVR@DESKTOP-JF861LF MINGW64 /d/23-5am (master)
$ git status
On branch master
Your branch is up to date with 'origin/master'.

Changes to be committed:
  (use "git restore --staged <file>..." to unstage)
        modified:   index.html


CVR@DESKTOP-JF861LF MINGW64 /d/23-5am (master)
$ git reset --soft HEAD

CVR@DESKTOP-JF861LF MINGW64 /d/23-5am (master)
$ git status
On branch master
Your branch is up to date with 'origin/master'.

Changes to be committed:
  (use "git restore --staged <file>..." to unstage)
        modified:   index.html


CVR@DESKTOP-JF861LF MINGW64 /d/23-5am (master)
$ git reset --soft

CVR@DESKTOP-JF861LF MINGW64 /d/23-5am (master)
$ git status
On branch master
Your branch is up to date with 'origin/master'.

Changes to be committed:
  (use "git restore --staged <file>..." to unstage)
        modified:   index.html


CVR@DESKTOP-JF861LF MINGW64 /d/23-5am (master)
$ git reset --hard
HEAD is now at 8f2c1aa second updated index.html

CVR@DESKTOP-JF861LF MINGW64 /d/23-5am (master)
$ git status
On branch master
Your branch is up to date with 'origin/master'.

nothing to commit, working tree clean

CVR@DESKTOP-JF861LF MINGW64 /d/23-5am (master)
$ git reset --soft

CVR@DESKTOP-JF861LF MINGW64 /d/23-5am (master)
$ gti branch feature-a
bash: gti: command not found

CVR@DESKTOP-JF861LF MINGW64 /d/23-5am (master)
$ git branch feature-a

CVR@DESKTOP-JF861LF MINGW64 /d/23-5am (master)
$ git status
On branch master
Your branch is up to date with 'origin/master'.

nothing to commit, working tree clean

CVR@DESKTOP-JF861LF MINGW64 /d/23-5am (master)
$ git branch feature-b

CVR@DESKTOP-JF861LF MINGW64 /d/23-5am (master)
$ git branch feature-c

CVR@DESKTOP-JF861LF MINGW64 /d/23-5am (master)
$ git branch feature-d

CVR@DESKTOP-JF861LF MINGW64 /d/23-5am (master)
$ git branch checkout feature-a

CVR@DESKTOP-JF861LF MINGW64 /d/23-5am (master)
$ git branch
  checkout
  feature-a
  feature-b
  feature-c
  feature-d
* master

CVR@DESKTOP-JF861LF MINGW64 /d/23-5am (master)
$ git checkout feature-a
Switched to branch 'feature-a'

CVR@DESKTOP-JF861LF MINGW64 /d/23-5am (feature-a)
$ git add index.html

CVR@DESKTOP-JF861LF MINGW64 /d/23-5am (feature-a)
$ git status
On branch feature-a
Changes to be committed:
  (use "git restore --staged <file>..." to unstage)
        modified:   index.html


CVR@DESKTOP-JF861LF MINGW64 /d/23-5am (feature-a)
$ git commit -m "branch-a updated index.html"
[feature-a d500be4] branch-a updated index.html
 1 file changed, 1 insertion(+), 1 deletion(-)

CVR@DESKTOP-JF861LF MINGW64 /d/23-5am (feature-a)
$ git checkout master
Switched to branch 'master'
Your branch is up to date with 'origin/master'.

CVR@DESKTOP-JF861LF MINGW64 /d/23-5am (master)
$ git checkout feature-b
Switched to branch 'feature-b'

CVR@DESKTOP-JF861LF MINGW64 /d/23-5am (feature-b)
$ git add index.html

CVR@DESKTOP-JF861LF MINGW64 /d/23-5am (feature-b)
$ git status
On branch feature-b
Changes to be committed:
  (use "git restore --staged <file>..." to unstage)
        modified:   index.html


CVR@DESKTOP-JF861LF MINGW64 /d/23-5am (feature-b)
$ git commit -m "updated branch-b index.html"
[feature-b d103daa] updated branch-b index.html
 1 file changed, 1 insertion(+), 1 deletion(-)

CVR@DESKTOP-JF861LF MINGW64 /d/23-5am (feature-b)
$ git checkout master
Switched to branch 'master'
Your branch is up to date with 'origin/master'.

CVR@DESKTOP-JF861LF MINGW64 /d/23-5am (master)
$ git checkout featuer-c
error: pathspec 'featuer-c' did not match any file(s) known to git

CVR@DESKTOP-JF861LF MINGW64 /d/23-5am (master)
$ git checkout feature-c
Switched to branch 'feature-c'

CVR@DESKTOP-JF861LF MINGW64 /d/23-5am (feature-c)
$ git add index.html

CVR@DESKTOP-JF861LF MINGW64 /d/23-5am (feature-c)
$ git status
On branch feature-c
Changes to be committed:
  (use "git restore --staged <file>..." to unstage)
        modified:   index.html


CVR@DESKTOP-JF861LF MINGW64 /d/23-5am (feature-c)
$ git commit -m "updated branch-c index.html"
[feature-c 6942579] updated branch-c index.html
 1 file changed, 1 insertion(+), 1 deletion(-)

CVR@DESKTOP-JF861LF MINGW64 /d/23-5am (feature-c)
$ git checkout master
Switched to branch 'master'
Your branch is up to date with 'origin/master'.

CVR@DESKTOP-JF861LF MINGW64 /d/23-5am (master)
$ git checkout feature-d
Switched to branch 'feature-d'

CVR@DESKTOP-JF861LF MINGW64 /d/23-5am (feature-d)
$ git add index.html

CVR@DESKTOP-JF861LF MINGW64 /d/23-5am (feature-d)
$ git status
On branch feature-d
Changes to be committed:
  (use "git restore --staged <file>..." to unstage)
        modified:   index.html


CVR@DESKTOP-JF861LF MINGW64 /d/23-5am (feature-d)
$ git commit -m "updated branch-d index.html"
[feature-d 9cf18ed] updated branch-d index.html
 1 file changed, 1 insertion(+), 1 deletion(-)

CVR@DESKTOP-JF861LF MINGW64 /d/23-5am (feature-d)
$ git checkout master
Switched to branch 'master'
Your branch is up to date with 'origin/master'.

CVR@DESKTOP-JF861LF MINGW64 /d/23-5am (master)
$ git merge feature-a
Updating 8f2c1aa..d500be4
Fast-forward
 index.html | 2 +-
 1 file changed, 1 insertion(+), 1 deletion(-)

CVR@DESKTOP-JF861LF MINGW64 /d/23-5am (master)
$ git merge feature-b
Auto-merging index.html
CONFLICT (content): Merge conflict in index.html
Automatic merge failed; fix conflicts and then commit the result.

CVR@DESKTOP-JF861LF MINGW64 /d/23-5am (master|MERGING)
$ git add index.html

CVR@DESKTOP-JF861LF MINGW64 /d/23-5am (master|MERGING)
$ git status
On branch master
Your branch is ahead of 'origin/master' by 1 commit.
  (use "git push" to publish your local commits)

All conflicts fixed but you are still merging.
  (use "git commit" to conclude merge)

Changes to be committed:
        modified:   index.html


CVR@DESKTOP-JF861LF MINGW64 /d/23-5am (master|MERGING)
$ git commit -m "updated brach-b with main index.html"
[master 1753ee6] updated brach-b with main index.html

CVR@DESKTOP-JF861LF MINGW64 /d/23-5am (master)
$ git checkout feature-c
Switched to branch 'feature-c'

CVR@DESKTOP-JF861LF MINGW64 /d/23-5am (feature-c)
$ git checkout master
Switched to branch 'master'
Your branch is ahead of 'origin/master' by 3 commits.
  (use "git push" to publish your local commits)

CVR@DESKTOP-JF861LF MINGW64 /d/23-5am (master)
$ git merge feature-c
Auto-merging index.html
CONFLICT (content): Merge conflict in index.html
Automatic merge failed; fix conflicts and then commit the result.

CVR@DESKTOP-JF861LF MINGW64 /d/23-5am (master|MERGING)
$ git status
On branch master
Your branch is ahead of 'origin/master' by 3 commits.
  (use "git push" to publish your local commits)

You have unmerged paths.
  (fix conflicts and run "git commit")
  (use "git merge --abort" to abort the merge)

Unmerged paths:
  (use "git add <file>..." to mark resolution)
        both modified:   index.html

no changes added to commit (use "git add" and/or "git commit -a")

CVR@DESKTOP-JF861LF MINGW64 /d/23-5am (master|MERGING)
$ git master
git: 'master' is not a git command. See 'git --help'.

The most similar command is
        restore

CVR@DESKTOP-JF861LF MINGW64 /d/23-5am (master|MERGING)
$ git branch
  checkout
  feature-a
  feature-b
  feature-c
  feature-d
* master

CVR@DESKTOP-JF861LF MINGW64 /d/23-5am (master|MERGING)
$ git add index.html

CVR@DESKTOP-JF861LF MINGW64 /d/23-5am (master|MERGING)
$ git status
On branch master
Your branch is ahead of 'origin/master' by 3 commits.
  (use "git push" to publish your local commits)

All conflicts fixed but you are still merging.
  (use "git commit" to conclude merge)

Changes to be committed:
        modified:   index.html


CVR@DESKTOP-JF861LF MINGW64 /d/23-5am (master|MERGING)
$ git checkout feature-c
error: Your local changes to the following files would be overwritten by checkout:
        index.html
Please commit your changes or stash them before you switch branches.
Aborting

CVR@DESKTOP-JF861LF MINGW64 /d/23-5am (master|MERGING)
$ ^C

CVR@DESKTOP-JF861LF MINGW64 /d/23-5am (master|MERGING)
$ git merge --abort

CVR@DESKTOP-JF861LF MINGW64 /d/23-5am (master)
$ git merge feature-c
Auto-merging index.html
CONFLICT (content): Merge conflict in index.html
Automatic merge failed; fix conflicts and then commit the result.

CVR@DESKTOP-JF861LF MINGW64 /d/23-5am (master|MERGING)
$ git merge --abort

CVR@DESKTOP-JF861LF MINGW64 /d/23-5am (master)
$ git add index.html

CVR@DESKTOP-JF861LF MINGW64 /d/23-5am (master)
$ git commit
hint: Waiting for your editor to close the file... unix2dos: converting file D:/23-5am/.git/CO
MMIT_EDITMSG to DOS format...
dos2unix: converting file D:/23-5am/.git/COMMIT_EDITMSG to Unix format...
[master 5b237c0] file will be resolved
 1 file changed, 4 insertions(+)

CVR@DESKTOP-JF861LF MINGW64 /d/23-5am (master)
$ git status
On branch master
Your branch is ahead of 'origin/master' by 4 commits.
  (use "git push" to publish your local commits)

nothing to commit, working tree clean

CVR@DESKTOP-JF861LF MINGW64 /d/23-5am (master)
$ git branch
  checkout
  feature-a
  feature-b
  feature-c
  feature-d
* master

CVR@DESKTOP-JF861LF MINGW64 /d/23-5am (master)
$ git merge feature-c
Auto-merging index.html
CONFLICT (content): Merge conflict in index.html
Automatic merge failed; fix conflicts and then commit the result.

CVR@DESKTOP-JF861LF MINGW64 /d/23-5am (master|MERGING)
$ git status
On branch master
Your branch is ahead of 'origin/master' by 4 commits.
  (use "git push" to publish your local commits)

You have unmerged paths.
  (fix conflicts and run "git commit")
  (use "git merge --abort" to abort the merge)

Unmerged paths:
  (use "git add <file>..." to mark resolution)
        both modified:   index.html

no changes added to commit (use "git add" and/or "git commit -a")

CVR@DESKTOP-JF861LF MINGW64 /d/23-5am (master|MERGING)
$ git add index.html

CVR@DESKTOP-JF861LF MINGW64 /d/23-5am (master|MERGING)
$ git status
On branch master
Your branch is ahead of 'origin/master' by 4 commits.
  (use "git push" to publish your local commits)

All conflicts fixed but you are still merging.
  (use "git commit" to conclude merge)

Changes to be committed:
        modified:   index.html


CVR@DESKTOP-JF861LF MINGW64 /d/23-5am (master|MERGING)
$ git commit -m "update index.html"
[master 78f5c0c] update index.html

CVR@DESKTOP-JF861LF MINGW64 /d/23-5am (master)
$ git status
On branch master
Your branch is ahead of 'origin/master' by 6 commits.
  (use "git push" to publish your local commits)

nothing to commit, working tree clean

CVR@DESKTOP-JF861LF MINGW64 /d/23-5am (master)
$ git push -u origin master
Enumerating objects: 20, done.
Counting objects: 100% (20/20), done.
Delta compression using up to 16 threads
Compressing objects: 100% (12/12), done.
Writing objects: 100% (18/18), 1.71 KiB | 1.71 MiB/s, done.
Total 18 (delta 7), reused 0 (delta 0), pack-reused 0 (from 0)
remote: Resolving deltas: 100% (7/7), completed with 1 local object.
To https://github.com/rahul744-png/FSD2.git
   8f2c1aa..78f5c0c  master -> master
branch 'master' set up to track 'origin/master'.

CVR@DESKTOP-JF861LF MINGW64 /d/23-5am (master)
$
